// Jest Snapshot v1, https://goo.gl/fbAQLP

exports[`Index render 1`] = `
<layout>
  <g-image alt="Example image" src="~/favicon.png" width="135"></g-image>
  <h1>Hello, world!</h1>
  <p>
    Lorem ipsum dolor sit amet, consectetur adipisicing elit. Pariatur excepturi labore tempore expedita, et iste tenetur suscipit explicabo! Dolores, aperiam non officia eos quod asperiores
  </p>
  <p class="home-links"><a href="https://gridsome.org/docs" target="_blank" rel="noopener">Gridsome Docs</a> <a href="https://github.com/gridsome/gridsome" target="_blank" rel="noopener">GitHub</a></p>
</layout>
`;
